11:02:42 **** Incremental Build of configuration Debug for project 03-LCD_Test ****
make -j24 all 
arm-none-eabi-gcc "../Drivers/BSP/ST7735/lcd.c" -mcpu=cortex-m7 -std=gnu11 -g3 -DDEBUG -DUSE_PWR_LDO_SUPPLY -DUSE_HAL_DRIVER -DSTM32H743xx -DTFT96 -c -I../Core/Inc -I../Drivers/STM32H7xx_HAL_Driver/Inc -I../Drivers/STM32H7xx_HAL_Driver/Inc/Legacy -I../Drivers/CMSIS/Device/ST/STM32H7xx/Include -I../Drivers/CMSIS/Include -I"/home/mroberto/mrj/stm32/weact_studio/MiniSTM32H7xx/SDK/HAL/STM32H743/03-LCD_Test/Drivers/BSP/ST7735" -O0 -ffunction-sections -fdata-sections -Wall -fstack-usage -fcyclomatic-complexity -MMD -MP -MF"Drivers/BSP/ST7735/lcd.d" -MT"Drivers/BSP/ST7735/lcd.o" --specs=nano.specs -mfpu=fpv5-d16 -mfloat-abi=hard -mthumb -o "Drivers/BSP/ST7735/lcd.o"
../Drivers/BSP/ST7735/lcd.c: In function 'LCD_Test':
../Drivers/BSP/ST7735/lcd.c:86:52: warning: format '%d' expects argument of type 'int', but argument 3 has type 'long unsigned int' [-Wformat=]
   86 |                         sprintf((char *)&text, "%03d", (get_tick() - tick - 1000) / 10);
      |                                                 ~~~^   ~~~~~~~~~~~~~~~~~~~~~~~~~~~~~~~
      |                                                    |                              |
      |                                                    int                            long unsigned int
      |                                                 %03ld
../Drivers/BSP/ST7735/lcd.c:103:46: warning: format '%X' expects argument of type 'unsigned int', but argument 3 has type 'uint32_t' {aka 'long unsigned int'} [-Wformat=]
  103 |         sprintf((char *)&text, "STM32H7xx 0x%X", HAL_GetDEVID());
      |                                             ~^   ~~~~~~~~~~~~~~
      |                                              |   |
      |                                              |   uint32_t {aka long unsigned int}
      |                                              unsigned int
      |                                             %lX
../Drivers/BSP/ST7735/lcd.c:105:43: warning: format '%X' expects argument of type 'unsigned int', but argument 3 has type 'uint32_t' {aka 'long unsigned int'} [-Wformat=]
  105 |         sprintf((char *)&text, "LCD ID:0x%X", st7735_id);
      |                                          ~^   ~~~~~~~~~
      |                                           |   |
      |                                           |   uint32_t {aka long unsigned int}
      |                                           unsigned int
      |                                          %lX
arm-none-eabi-gcc -o "03-LCD_Test.elf" @"objects.list"   -mcpu=cortex-m7 -T"/home/mroberto/mrj/stm32/weact_studio/MiniSTM32H7xx/SDK/HAL/STM32H743/03-LCD_Test/STM32H743VITX_FLASH.ld" --specs=nosys.specs -Wl,-Map="03-LCD_Test.map" -Wl,--gc-sections -static --specs=nano.specs -mfpu=fpv5-d16 -mfloat-abi=hard -mthumb -Wl,--start-group -lc -lm -Wl,--end-group
Finished building target: 03-LCD_Test.elf
 
arm-none-eabi-size  03-LCD_Test.elf 
arm-none-eabi-objdump -h -S 03-LCD_Test.elf  > "03-LCD_Test.list"
   text	   data	    bss	    dec	    hex	filename
  63792	    240	   3512	  67544	  107d8	03-LCD_Test.elf
Finished building: default.size.stdout
 
Finished building: 03-LCD_Test.list
 
22:54:45 **** Incremental Build of configuration Debug for project 03-LCD_Test ****
make -j24 all 
arm-none-eabi-size  03-LCD_Test.elf 
   text	   data	    bss	    dec	    hex	filename
  63792	    240	   3512	  67544	  107d8	03-LCD_Test.elf
Finished building: default.size.stdout
 
